// Jest Snapshot v1, https://goo.gl/fbAQLP

exports[`renders correctly 1`] = `
<div
  style={
    Object {
      "backgroundColor": "#E0E0E0",
      "padding": "20px",
    }
  }
>
  <div
    style={
      Object {
        "color": "white",
        "fontSize": "24px",
        "marginBottom": "20px",
      }
    }
  >
    Let us do some math!
  </div>
  <div
    style={
      Object {
        "backgroundColor": "white",
        "borderRadius": "10px",
        "padding": "20px",
      }
    }
  >
    <div
      style={
        Object {
          "marginBottom": "20px",
        }
      }
    >
      <div>
        <span>
          0
        </span>
      </div>
    </div>
    <div
      className="buttons"
    >
      <button
        onClick={[Function]}
        type="button"
      >
        AC
      </button>
      <button
        onClick={[Function]}
        type="button"
      >
        +/-
      </button>
      <button
        onClick={[Function]}
        type="button"
      >
        %
      </button>
      <button
        onClick={[Function]}
        type="button"
      >
        รท
      </button>
      <button
        onClick={[Function]}
        type="button"
      >
        7
      </button>
      <button
        onClick={[Function]}
        type="button"
      >
        8
      </button>
      <button
        onClick={[Function]}
        type="button"
      >
        9
      </button>
      <button
        onClick={[Function]}
        type="button"
      >
        x
      </button>
      <button
        onClick={[Function]}
        type="button"
      >
        4
      </button>
      <button
        onClick={[Function]}
        type="button"
      >
        5
      </button>
      <button
        onClick={[Function]}
        type="button"
      >
        6
      </button>
      <button
        onClick={[Function]}
        type="button"
      >
        -
      </button>
      <button
        onClick={[Function]}
        type="button"
      >
        1
      </button>
      <button
        onClick={[Function]}
        type="button"
      >
        2
      </button>
      <button
        onClick={[Function]}
        type="button"
      >
        3
      </button>
      <button
        onClick={[Function]}
        type="button"
      >
        +
      </button>
      <button
        onClick={[Function]}
        type="button"
      >
        0
      </button>
      <button
        onClick={[Function]}
        type="button"
      >
        .
      </button>
      <button
        onClick={[Function]}
        type="button"
      >
        =
      </button>
    </div>
  </div>
</div>
`;
