// Jest Snapshot v1, https://goo.gl/fbAQLP

exports[`renders correctly 1`] = `
<div
  className="home-div"
  style={
    Object {
      "backgroundColor": "lightblue",
      "color": "black",
      "fontFamily": "cursive",
      "fontSize": "25px",
    }
  }
>
  <h2>
    Welcome to Our Page
  </h2>
  <span
    style={
      Object {
        "fontWeight": "bold",
      }
    }
  >
    Mathematics is the language of the universe, and it surrounds us in everything we do. From counting and measuring to modeling complex systems and solving real-world problems, math plays a crucial role in our lives. The Math Magician project is here to help you explore and improve your math skills in a fun and interactive way!
  </span>
</div>
`;
